There is no open project
The compilation type is not set to "make"  for the current project.
The Makefile is not specified
The file wrong_file doesn't exist.
Argument -fullclean expects an argument none found
Unknown option: -targett
The option -target has already been specified
