Project name is not specified
The project 'project' already exists.
Unknown option: -loc
The current project has not been saved.
The option -location has already been specified
The current project has not been saved.
The current project has not been saved.
The current project has not been saved.
