The project name is not specified.
The file project1.bspec doesn't exist.
The negative_tests.exp is not a project file.
The current project has not been saved.
