There is no open project
The window is not specified.
Unknown option: -con
There is no .dot file for the currently  loaded module
