There is no open project
The project top file is not specified.
The project top file is not specified.
The project Makefile is not specified.
