There is no open project
The current project has not been compiled yet.
 Please compile!
Makefile for the link command is not specified.
The custom command for linking is not specified.
