There is no open project
The simulation executable does not exist
The simulation target is not specified
The custom command for simulation  is not specified
