The file is not specified
The file 'mult4/Mult2.bsv' is not a project file.
Unknown option: -withdependencies
Unknown option: -typeeecheck
Unknown option: -typ
The file 'file' does not exist.
