There is no open project
There is no open project
The Waveform Viewer is not specified
wrong is not supported viewer
Unknown option: -comm
Argument -command expects an argument none found
The argument for -close is invalid
 should be 0 or 1
The directory is not specified
