@22
main.top.i
@22
main.top.CLK
@22
main.top.RST_N
@22
main.top.r__write_1
@22
main.top.EN_r__write
@22
main.top.RDY_r__write
@22
main.top.r__read
@22
main.top.RDY_r__read
@22
main.top.b
@22
main.top.r1.CLK
@22
main.top.r1.RST_N
@22
main.top.r1._write_1
@22
main.top.r1.EN__write
@22
main.top.r1.RDY__write
@22
main.top.r1._read
@22
main.top.r1.RDY__read
@22
main.top.r1.ptr$D_IN
@22
main.top.r1.ptr$EN
@22
main.top.r1.ptr
@22
main.top.r1.r1$D_IN
@22
main.top.r1.r1$EN
@22
main.top.r1.r1
@22
main.top.r1.r2$D_IN
@22
main.top.r1.r2$EN
@22
main.top.r1.r2
@22
main.top.r1.WILL_FIRE_RL_rHello
@22
main.top.r1.CAN_FIRE_RL_rHello
@22
main.top.r1.WILL_FIRE_RL_rWorld
@22
main.top.r1.CAN_FIRE_RL_rWorld
@22
main.top.r2.CLK
@22
main.top.r2.RST_N
@22
main.top.r2._write_1
@22
main.top.r2.EN__write
@22
main.top.r2.RDY__write
@22
main.top.r2._read
@22
main.top.r2.RDY__read
@22
main.top.r2.ptr$D_IN
@22
main.top.r2.ptr$EN
@22
main.top.r2.ptr
@22
main.top.r2.r1$D_IN
@22
main.top.r2.r1$EN
@22
main.top.r2.r1
@22
main.top.r2.r2$D_IN
@22
main.top.r2.r2$EN
@22
main.top.r2.r2
@22
main.top.r2.WILL_FIRE_RL_rHello
@22
main.top.r2.CAN_FIRE_RL_rHello
@22
main.top.r2.WILL_FIRE_RL_rWorld
@22
main.top.r2.CAN_FIRE_RL_rWorld
@22
main.top.mi.i
@22
main.top.mi.CLK
@22
main.top.mi.RST_N
@22
main.top.mi.b
@22
main.top.mb.V[31:0]
@22
main.top.mb.I_IN
@22
main.top.mb.WVAL[3:0]
@22
main.top.mb.WSET
@22
main.top.mb.WGET[3:0]
@22
main.top.mb.WHAS
@22
main.top.mb.I_OUT
@22
main.top.iv.io
@22
main.top.iv.CLK
@22
main.top.iv.RST_N
@22
main.top.iv.vec1_0__write_1
@22
main.top.iv.EN_vec1_0__write
@22
main.top.iv.RDY_vec1_0__write
@22
main.top.iv.vec1_0__read
@22
main.top.iv.RDY_vec1_0__read
@22
main.top.iv.vec1_1__write_1
@22
main.top.iv.EN_vec1_1__write
@22
main.top.iv.RDY_vec1_1__write
@22
main.top.iv.vec1_1__read
@22
main.top.iv.RDY_vec1_1__read
@22
main.top.iv.vec2_0_0__write_1
@22
main.top.iv.EN_vec2_0_0__write
@22
main.top.iv.RDY_vec2_0_0__write
@22
main.top.iv.vec2_0_0__read
@22
main.top.iv.RDY_vec2_0_0__read
@22
main.top.iv.vec2_0_1__write_1
@22
main.top.iv.EN_vec2_0_1__write
@22
main.top.iv.RDY_vec2_0_1__write
@22
main.top.iv.vec2_0_1__read
@22
main.top.iv.RDY_vec2_0_1__read
@22
main.top.iv.vec2_1_0__write_1
@22
main.top.iv.EN_vec2_1_0__write
@22
main.top.iv.RDY_vec2_1_0__write
@22
main.top.iv.vec2_1_0__read
@22
main.top.iv.RDY_vec2_1_0__read
@22
main.top.iv.vec2_1_1__write_1
@22
main.top.iv.EN_vec2_1_1__write
@22
main.top.iv.RDY_vec2_1_1__write
@22
main.top.iv.vec2_1_1__read
@22
main.top.iv.RDY_vec2_1_1__read
@22
main.top.iv.vec3_0_0_0__write_1
@22
main.top.iv.EN_vec3_0_0_0__write
@22
main.top.iv.RDY_vec3_0_0_0__write
@22
main.top.iv.vec3_0_0_0__read
@22
main.top.iv.RDY_vec3_0_0_0__read
@22
main.top.iv.vec3_0_0_1__write_1
@22
main.top.iv.EN_vec3_0_0_1__write
@22
main.top.iv.RDY_vec3_0_0_1__write
@22
main.top.iv.vec3_0_0_1__read
@22
main.top.iv.RDY_vec3_0_0_1__read
@22
main.top.iv.vec3_0_1_0__write_1
@22
main.top.iv.EN_vec3_0_1_0__write
@22
main.top.iv.RDY_vec3_0_1_0__write
@22
main.top.iv.vec3_0_1_0__read
@22
main.top.iv.RDY_vec3_0_1_0__read
@22
main.top.iv.vec3_0_1_1__write_1
@22
main.top.iv.EN_vec3_0_1_1__write
@22
main.top.iv.RDY_vec3_0_1_1__write
@22
main.top.iv.vec3_0_1_1__read
@22
main.top.iv.RDY_vec3_0_1_1__read
@22
main.top.iv.vec3_1_0_0__write_1
@22
main.top.iv.EN_vec3_1_0_0__write
@22
main.top.iv.RDY_vec3_1_0_0__write
@22
main.top.iv.vec3_1_0_0__read
@22
main.top.iv.RDY_vec3_1_0_0__read
@22
main.top.iv.vec3_1_0_1__write_1
@22
main.top.iv.EN_vec3_1_0_1__write
@22
main.top.iv.RDY_vec3_1_0_1__write
@22
main.top.iv.vec3_1_0_1__read
@22
main.top.iv.RDY_vec3_1_0_1__read
@22
main.top.iv.vec3_1_1_0__write_1
@22
main.top.iv.EN_vec3_1_1_0__write
@22
main.top.iv.RDY_vec3_1_1_0__write
@22
main.top.iv.vec3_1_1_0__read
@22
main.top.iv.RDY_vec3_1_1_0__read
@22
main.top.iv.vec3_1_1_1__write_1
@22
main.top.iv.EN_vec3_1_1_1__write
@22
main.top.iv.RDY_vec3_1_1_1__write
@22
main.top.iv.vec3_1_1_1__read
@22
main.top.iv.RDY_vec3_1_1_1__read
@22
main.top.iv.data1[1:0]
@22
main.top.iv.RDY_data1
@22
main.top.iv.data2[3:0]
@22
main.top.iv.RDY_data2
@22
main.top.iv.data3[7:0]
@22
main.top.iv.RDY_data3
@22
main.top.iv.CLK_clks1_0
@22
main.top.iv.CLK_GATE_clks1_0
@22
main.top.iv.CLK_clks1_1
@22
main.top.iv.CLK_GATE_clks1_1
@22
main.top.iv.RST_N_rsts1_0
@22
main.top.iv.RST_N_rsts1_1
@22
main.top.iv.ios1_0
@22
main.top.iv.ios1_1
@22
main.top.i
@22
main.top.r__write_1
@22
main.top.EN_r__write
@22
main.top.RDY_r__write
@22
main.top.r__read
@22
main.top.RDY_r__read
@22
main.top.b
@22
main.top.r1._write_1
@22
main.top.r1.EN__write
@22
main.top.r1.RDY__write
@22
main.top.r1._read
@22
main.top.r1.RDY__read
@22
main.top.r1.ptr$D_IN
@22
main.top.r1.ptr$EN
@22
main.top.r1.ptr
@22
main.top.r1.r1$D_IN
@22
main.top.r1.r1$EN
@22
main.top.r1.r1
@22
main.top.r1.r2$D_IN
@22
main.top.r1.r2$EN
@22
main.top.r1.r2
@22
main.top.r1.CAN_FIRE_RL_rHello
@22
main.top.r1.WILL_FIRE_RL_rHello
@22
main.top.r1.CAN_FIRE_RL_rWorld
@22
main.top.r1.WILL_FIRE_RL_rWorld
@22
main.top.r2._write_1
@22
main.top.r2.EN__write
@22
main.top.r2.RDY__write
@22
main.top.r2._read
@22
main.top.r2.RDY__read
@22
main.top.r2.ptr$D_IN
@22
main.top.r2.ptr$EN
@22
main.top.r2.ptr
@22
main.top.r2.r1$D_IN
@22
main.top.r2.r1$EN
@22
main.top.r2.r1
@22
main.top.r2.r2$D_IN
@22
main.top.r2.r2$EN
@22
main.top.r2.r2
@22
main.top.r2.CAN_FIRE_RL_rHello
@22
main.top.r2.WILL_FIRE_RL_rHello
@22
main.top.r2.CAN_FIRE_RL_rWorld
@22
main.top.r2.WILL_FIRE_RL_rWorld
@22
main.top.mi.i
@22
main.top.mi.b
@22
main.top.mb.V[31:0]
@22
main.top.mb.I_IN
@22
main.top.mb.WVAL[3:0]
@22
main.top.mb.WSET
@22
main.top.mb.WGET[3:0]
@22
main.top.mb.WHAS
@22
main.top.mb.I_OUT
@22
main.top.iv.io
@22
main.top.iv.vec1_0__write_1
@22
main.top.iv.EN_vec1_0__write
@22
main.top.iv.RDY_vec1_0__write
@22
main.top.iv.vec1_0__read
@22
main.top.iv.RDY_vec1_0__read
@22
main.top.iv.vec1_1__write_1
@22
main.top.iv.EN_vec1_1__write
@22
main.top.iv.RDY_vec1_1__write
@22
main.top.iv.vec1_1__read
@22
main.top.iv.RDY_vec1_1__read
@22
main.top.iv.vec2_0_0__write_1
@22
main.top.iv.EN_vec2_0_0__write
@22
main.top.iv.RDY_vec2_0_0__write
@22
main.top.iv.vec2_0_0__read
@22
main.top.iv.RDY_vec2_0_0__read
@22
main.top.iv.vec2_0_1__write_1
@22
main.top.iv.EN_vec2_0_1__write
@22
main.top.iv.RDY_vec2_0_1__write
@22
main.top.iv.vec2_0_1__read
@22
main.top.iv.RDY_vec2_0_1__read
@22
main.top.iv.vec2_1_0__write_1
@22
main.top.iv.EN_vec2_1_0__write
@22
main.top.iv.RDY_vec2_1_0__write
@22
main.top.iv.vec2_1_0__read
@22
main.top.iv.RDY_vec2_1_0__read
@22
main.top.iv.vec2_1_1__write_1
@22
main.top.iv.EN_vec2_1_1__write
@22
main.top.iv.RDY_vec2_1_1__write
@22
main.top.iv.vec2_1_1__read
@22
main.top.iv.RDY_vec2_1_1__read
@22
main.top.iv.vec3_0_0_0__write_1
@22
main.top.iv.EN_vec3_0_0_0__write
@22
main.top.iv.RDY_vec3_0_0_0__write
@22
main.top.iv.vec3_0_0_0__read
@22
main.top.iv.RDY_vec3_0_0_0__read
@22
main.top.iv.vec3_0_0_1__write_1
@22
main.top.iv.EN_vec3_0_0_1__write
@22
main.top.iv.RDY_vec3_0_0_1__write
@22
main.top.iv.vec3_0_0_1__read
@22
main.top.iv.RDY_vec3_0_0_1__read
@22
main.top.iv.vec3_0_1_0__write_1
@22
main.top.iv.EN_vec3_0_1_0__write
@22
main.top.iv.RDY_vec3_0_1_0__write
@22
main.top.iv.vec3_0_1_0__read
@22
main.top.iv.RDY_vec3_0_1_0__read
@22
main.top.iv.vec3_0_1_1__write_1
@22
main.top.iv.EN_vec3_0_1_1__write
@22
main.top.iv.RDY_vec3_0_1_1__write
@22
main.top.iv.vec3_0_1_1__read
@22
main.top.iv.RDY_vec3_0_1_1__read
@22
main.top.iv.vec3_1_0_0__write_1
@22
main.top.iv.EN_vec3_1_0_0__write
@22
main.top.iv.RDY_vec3_1_0_0__write
@22
main.top.iv.vec3_1_0_0__read
@22
main.top.iv.RDY_vec3_1_0_0__read
@22
main.top.iv.vec3_1_0_1__write_1
@22
main.top.iv.EN_vec3_1_0_1__write
@22
main.top.iv.RDY_vec3_1_0_1__write
@22
main.top.iv.vec3_1_0_1__read
@22
main.top.iv.RDY_vec3_1_0_1__read
@22
main.top.iv.vec3_1_1_0__write_1
@22
main.top.iv.EN_vec3_1_1_0__write
@22
main.top.iv.RDY_vec3_1_1_0__write
@22
main.top.iv.vec3_1_1_0__read
@22
main.top.iv.RDY_vec3_1_1_0__read
@22
main.top.iv.vec3_1_1_1__write_1
@22
main.top.iv.EN_vec3_1_1_1__write
@22
main.top.iv.RDY_vec3_1_1_1__write
@22
main.top.iv.vec3_1_1_1__read
@22
main.top.iv.RDY_vec3_1_1_1__read
@22
main.top.iv.data1[1:0]
@22
main.top.iv.RDY_data1
@22
main.top.iv.data2[3:0]
@22
main.top.iv.RDY_data2
@22
main.top.iv.data3[7:0]
@22
main.top.iv.RDY_data3
@22
main.top.iv.CLK_GATE_clks1_0
@22
main.top.iv.CLK_GATE_clks1_1
@22
main.top.iv.ios1_0
@22
main.top.iv.ios1_1
@22
+{main.top.i [Inout]} main.top.i
@22
+{main.top.r__write_1 [Bool]} main.top.r__write_1
@22
+{main.top.EN_r__write [Bool]} main.top.EN_r__write
@22
+{main.top.RDY_r__write [Bool]} main.top.RDY_r__write
@22
+{main.top.r__read [Bool]} main.top.r__read
@22
+{main.top.RDY_r__read [Bool]} main.top.RDY_r__read
@22
+{main.top.b [Inout]} main.top.b
@22
+{main.top.r1._write_1 [Bool]} main.top.r1._write_1
@22
+{main.top.r1.EN__write [Bool]} main.top.r1.EN__write
@22
+{main.top.r1.RDY__write [Bool]} main.top.r1.RDY__write
@22
+{main.top.r1._read [Bool]} main.top.r1._read
@22
+{main.top.r1.RDY__read [Bool]} main.top.r1.RDY__read
@22
+{main.top.r1.ptr$D_IN [Bool]} main.top.r1.ptr$D_IN
@22
+{main.top.r1.ptr$EN [Bool]} main.top.r1.ptr$EN
@22
+{main.top.r1.ptr [Bool]} main.top.r1.ptr
@22
+{main.top.r1.r1$D_IN [Bool]} main.top.r1.r1$D_IN
@22
+{main.top.r1.r1$EN [Bool]} main.top.r1.r1$EN
@22
+{main.top.r1.r1 [Bool]} main.top.r1.r1
@22
+{main.top.r1.r2$D_IN [Bool]} main.top.r1.r2$D_IN
@22
+{main.top.r1.r2$EN [Bool]} main.top.r1.r2$EN
@22
+{main.top.r1.r2 [Bool]} main.top.r1.r2
@22
+{main.top.r1.CAN_FIRE_RL_rHello [Bool]} main.top.r1.CAN_FIRE_RL_rHello
@22
+{main.top.r1.WILL_FIRE_RL_rHello [Bool]} main.top.r1.WILL_FIRE_RL_rHello
@22
+{main.top.r1.CAN_FIRE_RL_rWorld [Bool]} main.top.r1.CAN_FIRE_RL_rWorld
@22
+{main.top.r1.WILL_FIRE_RL_rWorld [Bool]} main.top.r1.WILL_FIRE_RL_rWorld
@22
+{main.top.r2._write_1 [Bool]} main.top.r2._write_1
@22
+{main.top.r2.EN__write [Bool]} main.top.r2.EN__write
@22
+{main.top.r2.RDY__write [Bool]} main.top.r2.RDY__write
@22
+{main.top.r2._read [Bool]} main.top.r2._read
@22
+{main.top.r2.RDY__read [Bool]} main.top.r2.RDY__read
@22
+{main.top.r2.ptr$D_IN [Bool]} main.top.r2.ptr$D_IN
@22
+{main.top.r2.ptr$EN [Bool]} main.top.r2.ptr$EN
@22
+{main.top.r2.ptr [Bool]} main.top.r2.ptr
@22
+{main.top.r2.r1$D_IN [Bool]} main.top.r2.r1$D_IN
@22
+{main.top.r2.r1$EN [Bool]} main.top.r2.r1$EN
@22
+{main.top.r2.r1 [Bool]} main.top.r2.r1
@22
+{main.top.r2.r2$D_IN [Bool]} main.top.r2.r2$D_IN
@22
+{main.top.r2.r2$EN [Bool]} main.top.r2.r2$EN
@22
+{main.top.r2.r2 [Bool]} main.top.r2.r2
@22
+{main.top.r2.CAN_FIRE_RL_rHello [Bool]} main.top.r2.CAN_FIRE_RL_rHello
@22
+{main.top.r2.WILL_FIRE_RL_rHello [Bool]} main.top.r2.WILL_FIRE_RL_rHello
@22
+{main.top.r2.CAN_FIRE_RL_rWorld [Bool]} main.top.r2.CAN_FIRE_RL_rWorld
@22
+{main.top.r2.WILL_FIRE_RL_rWorld [Bool]} main.top.r2.WILL_FIRE_RL_rWorld
@22
+{main.top.mi.i [Inout]} main.top.mi.i
@22
+{main.top.mi.b [Inout]} main.top.mi.b
@22
+{main.top.mb.V [Int#(32)]} main.top.mb.V[31:0]
@22
+{main.top.mb.I_IN [Inout]} main.top.mb.I_IN
@22
+{main.top.mb.WVAL [Bit#(4)]} main.top.mb.WVAL[3:0]
@22
+{main.top.mb.WSET [Bool]} main.top.mb.WSET
@22
+{main.top.mb.WGET [Bit#(4)]} main.top.mb.WGET[3:0]
@22
+{main.top.mb.WHAS [Bool]} main.top.mb.WHAS
@22
+{main.top.mb.I_OUT [Inout]} main.top.mb.I_OUT
@22
+{main.top.iv.io [Inout]} main.top.iv.io
@22
+{main.top.iv.vec1_0__write_1 [Bool]} main.top.iv.vec1_0__write_1
@22
+{main.top.iv.EN_vec1_0__write [Bool]} main.top.iv.EN_vec1_0__write
@22
+{main.top.iv.RDY_vec1_0__write [Bool]} main.top.iv.RDY_vec1_0__write
@22
+{main.top.iv.vec1_0__read [Bool]} main.top.iv.vec1_0__read
@22
+{main.top.iv.RDY_vec1_0__read [Bool]} main.top.iv.RDY_vec1_0__read
@22
+{main.top.iv.vec1_1__write_1 [Bool]} main.top.iv.vec1_1__write_1
@22
+{main.top.iv.EN_vec1_1__write [Bool]} main.top.iv.EN_vec1_1__write
@22
+{main.top.iv.RDY_vec1_1__write [Bool]} main.top.iv.RDY_vec1_1__write
@22
+{main.top.iv.vec1_1__read [Bool]} main.top.iv.vec1_1__read
@22
+{main.top.iv.RDY_vec1_1__read [Bool]} main.top.iv.RDY_vec1_1__read
@22
+{main.top.iv.vec2_0_0__write_1 [Bool]} main.top.iv.vec2_0_0__write_1
@22
+{main.top.iv.EN_vec2_0_0__write [Bool]} main.top.iv.EN_vec2_0_0__write
@22
+{main.top.iv.RDY_vec2_0_0__write [Bool]} main.top.iv.RDY_vec2_0_0__write
@22
+{main.top.iv.vec2_0_0__read [Bool]} main.top.iv.vec2_0_0__read
@22
+{main.top.iv.RDY_vec2_0_0__read [Bool]} main.top.iv.RDY_vec2_0_0__read
@22
+{main.top.iv.vec2_0_1__write_1 [Bool]} main.top.iv.vec2_0_1__write_1
@22
+{main.top.iv.EN_vec2_0_1__write [Bool]} main.top.iv.EN_vec2_0_1__write
@22
+{main.top.iv.RDY_vec2_0_1__write [Bool]} main.top.iv.RDY_vec2_0_1__write
@22
+{main.top.iv.vec2_0_1__read [Bool]} main.top.iv.vec2_0_1__read
@22
+{main.top.iv.RDY_vec2_0_1__read [Bool]} main.top.iv.RDY_vec2_0_1__read
@22
+{main.top.iv.vec2_1_0__write_1 [Bool]} main.top.iv.vec2_1_0__write_1
@22
+{main.top.iv.EN_vec2_1_0__write [Bool]} main.top.iv.EN_vec2_1_0__write
@22
+{main.top.iv.RDY_vec2_1_0__write [Bool]} main.top.iv.RDY_vec2_1_0__write
@22
+{main.top.iv.vec2_1_0__read [Bool]} main.top.iv.vec2_1_0__read
@22
+{main.top.iv.RDY_vec2_1_0__read [Bool]} main.top.iv.RDY_vec2_1_0__read
@22
+{main.top.iv.vec2_1_1__write_1 [Bool]} main.top.iv.vec2_1_1__write_1
@22
+{main.top.iv.EN_vec2_1_1__write [Bool]} main.top.iv.EN_vec2_1_1__write
@22
+{main.top.iv.RDY_vec2_1_1__write [Bool]} main.top.iv.RDY_vec2_1_1__write
@22
+{main.top.iv.vec2_1_1__read [Bool]} main.top.iv.vec2_1_1__read
@22
+{main.top.iv.RDY_vec2_1_1__read [Bool]} main.top.iv.RDY_vec2_1_1__read
@22
+{main.top.iv.vec3_0_0_0__write_1 [Bool]} main.top.iv.vec3_0_0_0__write_1
@22
+{main.top.iv.EN_vec3_0_0_0__write [Bool]} main.top.iv.EN_vec3_0_0_0__write
@22
+{main.top.iv.RDY_vec3_0_0_0__write [Bool]} main.top.iv.RDY_vec3_0_0_0__write
@22
+{main.top.iv.vec3_0_0_0__read [Bool]} main.top.iv.vec3_0_0_0__read
@22
+{main.top.iv.RDY_vec3_0_0_0__read [Bool]} main.top.iv.RDY_vec3_0_0_0__read
@22
+{main.top.iv.vec3_0_0_1__write_1 [Bool]} main.top.iv.vec3_0_0_1__write_1
@22
+{main.top.iv.EN_vec3_0_0_1__write [Bool]} main.top.iv.EN_vec3_0_0_1__write
@22
+{main.top.iv.RDY_vec3_0_0_1__write [Bool]} main.top.iv.RDY_vec3_0_0_1__write
@22
+{main.top.iv.vec3_0_0_1__read [Bool]} main.top.iv.vec3_0_0_1__read
@22
+{main.top.iv.RDY_vec3_0_0_1__read [Bool]} main.top.iv.RDY_vec3_0_0_1__read
@22
+{main.top.iv.vec3_0_1_0__write_1 [Bool]} main.top.iv.vec3_0_1_0__write_1
@22
+{main.top.iv.EN_vec3_0_1_0__write [Bool]} main.top.iv.EN_vec3_0_1_0__write
@22
+{main.top.iv.RDY_vec3_0_1_0__write [Bool]} main.top.iv.RDY_vec3_0_1_0__write
@22
+{main.top.iv.vec3_0_1_0__read [Bool]} main.top.iv.vec3_0_1_0__read
@22
+{main.top.iv.RDY_vec3_0_1_0__read [Bool]} main.top.iv.RDY_vec3_0_1_0__read
@22
+{main.top.iv.vec3_0_1_1__write_1 [Bool]} main.top.iv.vec3_0_1_1__write_1
@22
+{main.top.iv.EN_vec3_0_1_1__write [Bool]} main.top.iv.EN_vec3_0_1_1__write
@22
+{main.top.iv.RDY_vec3_0_1_1__write [Bool]} main.top.iv.RDY_vec3_0_1_1__write
@22
+{main.top.iv.vec3_0_1_1__read [Bool]} main.top.iv.vec3_0_1_1__read
@22
+{main.top.iv.RDY_vec3_0_1_1__read [Bool]} main.top.iv.RDY_vec3_0_1_1__read
@22
+{main.top.iv.vec3_1_0_0__write_1 [Bool]} main.top.iv.vec3_1_0_0__write_1
@22
+{main.top.iv.EN_vec3_1_0_0__write [Bool]} main.top.iv.EN_vec3_1_0_0__write
@22
+{main.top.iv.RDY_vec3_1_0_0__write [Bool]} main.top.iv.RDY_vec3_1_0_0__write
@22
+{main.top.iv.vec3_1_0_0__read [Bool]} main.top.iv.vec3_1_0_0__read
@22
+{main.top.iv.RDY_vec3_1_0_0__read [Bool]} main.top.iv.RDY_vec3_1_0_0__read
@22
+{main.top.iv.vec3_1_0_1__write_1 [Bool]} main.top.iv.vec3_1_0_1__write_1
@22
+{main.top.iv.EN_vec3_1_0_1__write [Bool]} main.top.iv.EN_vec3_1_0_1__write
@22
+{main.top.iv.RDY_vec3_1_0_1__write [Bool]} main.top.iv.RDY_vec3_1_0_1__write
@22
+{main.top.iv.vec3_1_0_1__read [Bool]} main.top.iv.vec3_1_0_1__read
@22
+{main.top.iv.RDY_vec3_1_0_1__read [Bool]} main.top.iv.RDY_vec3_1_0_1__read
@22
+{main.top.iv.vec3_1_1_0__write_1 [Bool]} main.top.iv.vec3_1_1_0__write_1
@22
+{main.top.iv.EN_vec3_1_1_0__write [Bool]} main.top.iv.EN_vec3_1_1_0__write
@22
+{main.top.iv.RDY_vec3_1_1_0__write [Bool]} main.top.iv.RDY_vec3_1_1_0__write
@22
+{main.top.iv.vec3_1_1_0__read [Bool]} main.top.iv.vec3_1_1_0__read
@22
+{main.top.iv.RDY_vec3_1_1_0__read [Bool]} main.top.iv.RDY_vec3_1_1_0__read
@22
+{main.top.iv.vec3_1_1_1__write_1 [Bool]} main.top.iv.vec3_1_1_1__write_1
@22
+{main.top.iv.EN_vec3_1_1_1__write [Bool]} main.top.iv.EN_vec3_1_1_1__write
@22
+{main.top.iv.RDY_vec3_1_1_1__write [Bool]} main.top.iv.RDY_vec3_1_1_1__write
@22
+{main.top.iv.vec3_1_1_1__read [Bool]} main.top.iv.vec3_1_1_1__read
@22
+{main.top.iv.RDY_vec3_1_1_1__read [Bool]} main.top.iv.RDY_vec3_1_1_1__read
@c00022
+{main.top.iv.data1 [+] [Vector#(2, Bool)]} main.top.iv.data1[1:0]
@22
+{main.top.iv.data1 [1] [Bool]} (0)main.top.iv.data1[1:0]
@22
+{main.top.iv.data1 [0] [Bool]} (1)main.top.iv.data1[1:0]
@1401200
-group_end
@22
+{main.top.iv.RDY_data1 [Bool]} main.top.iv.RDY_data1
@c00022
+{main.top.iv.data2 [+] [Vector#(2, Vector#(2, Bool))]} main.top.iv.data2[3:0]
@c00022
+{main.top.iv.data2 [1] [+] [Vector#(2, Bool)]} #{main.top.iv.data2[3:2]} (0)main.top.iv.data2[3:0] (1)main.top.iv.data2[3:0]
@22
+{main.top.iv.data2 [1] [1] [Bool]} (0)main.top.iv.data2[3:0]
@22
+{main.top.iv.data2 [1] [0] [Bool]} (1)main.top.iv.data2[3:0]
@1401200
-group_end
@c00022
+{main.top.iv.data2 [0] [+] [Vector#(2, Bool)]} #{main.top.iv.data2[1:0]} (2)main.top.iv.data2[3:0] (3)main.top.iv.data2[3:0]
@22
+{main.top.iv.data2 [0] [1] [Bool]} (2)main.top.iv.data2[3:0]
@22
+{main.top.iv.data2 [0] [0] [Bool]} (3)main.top.iv.data2[3:0]
@1401200
-group_end
@1401200
-group_end
@22
+{main.top.iv.RDY_data2 [Bool]} main.top.iv.RDY_data2
@c00022
+{main.top.iv.data3 [+] [Vector#(2, Vector#(2, Vector#(2, Bool)))]} main.top.iv.data3[7:0]
@c00022
+{main.top.iv.data3 [1] [+] [Vector#(2, Vector#(2, Bool))]} #{main.top.iv.data3[7:4]} (0)main.top.iv.data3[7:0] (1)main.top.iv.data3[7:0] (2)main.top.iv.data3[7:0] (3)main.top.iv.data3[7:0]
@c00022
+{main.top.iv.data3 [1] [1] [+] [Vector#(2, Bool)]} #{main.top.iv.data3[7:6]} (0)main.top.iv.data3[7:0] (1)main.top.iv.data3[7:0]
@22
+{main.top.iv.data3 [1] [1] [1] [Bool]} (0)main.top.iv.data3[7:0]
@22
+{main.top.iv.data3 [1] [1] [0] [Bool]} (1)main.top.iv.data3[7:0]
@1401200
-group_end
@c00022
+{main.top.iv.data3 [1] [0] [+] [Vector#(2, Bool)]} #{main.top.iv.data3[5:4]} (2)main.top.iv.data3[7:0] (3)main.top.iv.data3[7:0]
@22
+{main.top.iv.data3 [1] [0] [1] [Bool]} (2)main.top.iv.data3[7:0]
@22
+{main.top.iv.data3 [1] [0] [0] [Bool]} (3)main.top.iv.data3[7:0]
@1401200
-group_end
@1401200
-group_end
@c00022
+{main.top.iv.data3 [0] [+] [Vector#(2, Vector#(2, Bool))]} #{main.top.iv.data3[3:0]} (4)main.top.iv.data3[7:0] (5)main.top.iv.data3[7:0] (6)main.top.iv.data3[7:0] (7)main.top.iv.data3[7:0]
@c00022
+{main.top.iv.data3 [0] [1] [+] [Vector#(2, Bool)]} #{main.top.iv.data3[3:2]} (4)main.top.iv.data3[7:0] (5)main.top.iv.data3[7:0]
@22
+{main.top.iv.data3 [0] [1] [1] [Bool]} (4)main.top.iv.data3[7:0]
@22
+{main.top.iv.data3 [0] [1] [0] [Bool]} (5)main.top.iv.data3[7:0]
@1401200
-group_end
@c00022
+{main.top.iv.data3 [0] [0] [+] [Vector#(2, Bool)]} #{main.top.iv.data3[1:0]} (6)main.top.iv.data3[7:0] (7)main.top.iv.data3[7:0]
@22
+{main.top.iv.data3 [0] [0] [1] [Bool]} (6)main.top.iv.data3[7:0]
@22
+{main.top.iv.data3 [0] [0] [0] [Bool]} (7)main.top.iv.data3[7:0]
@1401200
-group_end
@1401200
-group_end
@1401200
-group_end
@22
+{main.top.iv.RDY_data3 [Bool]} main.top.iv.RDY_data3
@22
+{main.top.iv.CLK_GATE_clks1_0 [Bool]} main.top.iv.CLK_GATE_clks1_0
@22
+{main.top.iv.CLK_GATE_clks1_1 [Bool]} main.top.iv.CLK_GATE_clks1_1
@22
+{main.top.iv.ios1_0 [Inout]} main.top.iv.ios1_0
@22
+{main.top.iv.ios1_1 [Inout]} main.top.iv.ios1_1
