@22
main.top.i
@22
main.top.CLK
@22
main.top.RST_N
@22
main.top.y_0$D_IN[31:0]
@22
main.top.y_0$EN
@22
main.top.y_0[31:0]
@22
main.top.y_1$D_IN[31:0]
@22
main.top.y_1$EN
@22
main.top.y_1[31:0]
@22
main.top.y_2$D_IN[31:0]
@22
main.top.y_2$EN
@22
main.top.y_2[31:0]
@22
main.top.y_3$D_IN[31:0]
@22
main.top.y_3$EN
@22
main.top.y_3[31:0]
@22
main.top.zw_0$D_IN[31:0]
@22
main.top.zw_0$EN
@22
main.top.zw_0[31:0]
@22
main.top.zw_1$D_IN[31:0]
@22
main.top.zw_1$EN
@22
main.top.zw_1[31:0]
@22
main.top.zw_2$D_IN[31:0]
@22
main.top.zw_2$EN
@22
main.top.zw_2[31:0]
@22
main.top.zw_3$D_IN[31:0]
@22
main.top.zw_3$EN
@22
main.top.zw_3[31:0]
@22
main.top.zw_4$D_IN[31:0]
@22
main.top.zw_4$EN
@22
main.top.zw_4[31:0]
@22
main.top.xx_0.V[31:0]
@22
main.top.xx_0.I_IN
@22
main.top.xx_0.WVAL[1:0]
@22
main.top.xx_0.WSET
@22
main.top.xx_0.WGET[1:0]
@22
main.top.xx_0.WHAS
@22
main.top.xx_0.I_OUT
@22
main.top.xx_1.V[31:0]
@22
main.top.xx_1.I_IN
@22
main.top.xx_1.WVAL[1:0]
@22
main.top.xx_1.WSET
@22
main.top.xx_1.WGET[1:0]
@22
main.top.xx_1.WHAS
@22
main.top.xx_1.I_OUT
@22
main.top.x_0$D_IN[31:0]
@22
main.top.x_0$EN
@22
main.top.x_0[31:0]
@22
main.top.x_1$D_IN[31:0]
@22
main.top.x_1$EN
@22
main.top.x_1[31:0]
@22
main.top.x_2$D_IN[31:0]
@22
main.top.x_2$EN
@22
main.top.x_2[31:0]
@22
main.top.x_3$D_IN[31:0]
@22
main.top.x_3$EN
@22
main.top.x_3[31:0]
@22
main.top.aa_0$D_IN[31:0]
@22
main.top.aa_0$EN
@22
main.top.aa_0[31:0]
@22
main.top.bb_0$D_IN[31:0]
@22
main.top.bb_0$EN
@22
main.top.bb_0[31:0]
@22
main.top.aa_1$D_IN[31:0]
@22
main.top.aa_1$EN
@22
main.top.aa_1[31:0]
@22
main.top.bb_1$D_IN[31:0]
@22
main.top.bb_1$EN
@22
main.top.bb_1[31:0]
@22
main.top.aa_2$D_IN[31:0]
@22
main.top.aa_2$EN
@22
main.top.aa_2[31:0]
@22
main.top.bb_2$D_IN[31:0]
@22
main.top.bb_2$EN
@22
main.top.bb_2[31:0]
@22
main.top.aa_3$D_IN[31:0]
@22
main.top.aa_3$EN
@22
main.top.aa_3[31:0]
@22
main.top.bb_3$D_IN[31:0]
@22
main.top.bb_3$EN
@22
main.top.bb_3[31:0]
@22
main.top.subis_0.ax[2:0]
@22
main.top.subis_0.CLK
@22
main.top.subis_0.RST_N
@22
main.top.subis_0.foo_x[31:0]
@22
main.top.subis_0.EN_foo
@22
main.top.subis_0.bar[31:0]
@22
main.top.subis_0.RadyOnTheReadMethod
@22
main.top.subis_0.foo2$D_IN[31:0]
@22
main.top.subis_0.foo2$EN
@22
main.top.subis_0.foo2[31:0]
@22
main.top.subis_0.barx$D_IN[2:0]
@22
main.top.subis_0.barx$EN
@22
main.top.subis_0.barx[2:0]
@22
main.top.subis_1.ax[2:0]
@22
main.top.subis_1.CLK
@22
main.top.subis_1.RST_N
@22
main.top.subis_1.foo_x[31:0]
@22
main.top.subis_1.EN_foo
@22
main.top.subis_1.bar[31:0]
@22
main.top.subis_1.RadyOnTheReadMethod
@22
main.top.subis_1.foo2$D_IN[31:0]
@22
main.top.subis_1.foo2$EN
@22
main.top.subis_1.foo2[31:0]
@22
main.top.subis_1.barx$D_IN[2:0]
@22
main.top.subis_1.barx$EN
@22
main.top.subis_1.barx[2:0]
@22
main.top.i
@22
main.top.y_0$D_IN[31:0]
@22
main.top.y_0$EN
@22
main.top.y_0[31:0]
@22
main.top.y_1$D_IN[31:0]
@22
main.top.y_1$EN
@22
main.top.y_1[31:0]
@22
main.top.y_2$D_IN[31:0]
@22
main.top.y_2$EN
@22
main.top.y_2[31:0]
@22
main.top.y_3$D_IN[31:0]
@22
main.top.y_3$EN
@22
main.top.y_3[31:0]
@22
main.top.zw_0$D_IN[31:0]
@22
main.top.zw_0$EN
@22
main.top.zw_0[31:0]
@22
main.top.zw_1$D_IN[31:0]
@22
main.top.zw_1$EN
@22
main.top.zw_1[31:0]
@22
main.top.zw_2$D_IN[31:0]
@22
main.top.zw_2$EN
@22
main.top.zw_2[31:0]
@22
main.top.zw_3$D_IN[31:0]
@22
main.top.zw_3$EN
@22
main.top.zw_3[31:0]
@22
main.top.zw_4$D_IN[31:0]
@22
main.top.zw_4$EN
@22
main.top.zw_4[31:0]
@22
main.top.xx_0.V[31:0]
@22
main.top.xx_0.I_IN
@22
main.top.xx_0.WVAL[1:0]
@22
main.top.xx_0.WSET
@22
main.top.xx_0.WGET[1:0]
@22
main.top.xx_0.WHAS
@22
main.top.xx_0.I_OUT
@22
main.top.xx_1.V[31:0]
@22
main.top.xx_1.I_IN
@22
main.top.xx_1.WVAL[1:0]
@22
main.top.xx_1.WSET
@22
main.top.xx_1.WGET[1:0]
@22
main.top.xx_1.WHAS
@22
main.top.xx_1.I_OUT
@22
main.top.x_0$D_IN[31:0]
@22
main.top.x_0$EN
@22
main.top.x_0[31:0]
@22
main.top.x_1$D_IN[31:0]
@22
main.top.x_1$EN
@22
main.top.x_1[31:0]
@22
main.top.x_2$D_IN[31:0]
@22
main.top.x_2$EN
@22
main.top.x_2[31:0]
@22
main.top.x_3$D_IN[31:0]
@22
main.top.x_3$EN
@22
main.top.x_3[31:0]
@22
main.top.aa_0$D_IN[31:0]
@22
main.top.aa_0$EN
@22
main.top.aa_0[31:0]
@22
main.top.bb_0$D_IN[31:0]
@22
main.top.bb_0$EN
@22
main.top.bb_0[31:0]
@22
main.top.aa_1$D_IN[31:0]
@22
main.top.aa_1$EN
@22
main.top.aa_1[31:0]
@22
main.top.bb_1$D_IN[31:0]
@22
main.top.bb_1$EN
@22
main.top.bb_1[31:0]
@22
main.top.aa_2$D_IN[31:0]
@22
main.top.aa_2$EN
@22
main.top.aa_2[31:0]
@22
main.top.bb_2$D_IN[31:0]
@22
main.top.bb_2$EN
@22
main.top.bb_2[31:0]
@22
main.top.aa_3$D_IN[31:0]
@22
main.top.aa_3$EN
@22
main.top.aa_3[31:0]
@22
main.top.bb_3$D_IN[31:0]
@22
main.top.bb_3$EN
@22
main.top.bb_3[31:0]
@22
main.top.subis_0.ax[2:0]
@22
main.top.subis_0.foo_x[31:0]
@22
main.top.subis_0.EN_foo
@22
main.top.subis_0.bar[31:0]
@22
main.top.subis_0.RadyOnTheReadMethod
@22
main.top.subis_0.foo2$D_IN[31:0]
@22
main.top.subis_0.foo2$EN
@22
main.top.subis_0.foo2[31:0]
@22
main.top.subis_0.barx$D_IN[2:0]
@22
main.top.subis_0.barx$EN
@22
main.top.subis_0.barx[2:0]
@22
main.top.subis_1.ax[2:0]
@22
main.top.subis_1.foo_x[31:0]
@22
main.top.subis_1.EN_foo
@22
main.top.subis_1.bar[31:0]
@22
main.top.subis_1.RadyOnTheReadMethod
@22
main.top.subis_1.foo2$D_IN[31:0]
@22
main.top.subis_1.foo2$EN
@22
main.top.subis_1.foo2[31:0]
@22
main.top.subis_1.barx$D_IN[2:0]
@22
main.top.subis_1.barx$EN
@22
main.top.subis_1.barx[2:0]
@22
+{main.top.i [Inout]} main.top.i
@22
+{main.top.y_0$D_IN [Int#(32)]} main.top.y_0$D_IN[31:0]
@22
+{main.top.y_0$EN [Bool]} main.top.y_0$EN
@22
+{main.top.y_0 [Int#(32)]} main.top.y_0[31:0]
@22
+{main.top.y_1$D_IN [Int#(32)]} main.top.y_1$D_IN[31:0]
@22
+{main.top.y_1$EN [Bool]} main.top.y_1$EN
@22
+{main.top.y_1 [Int#(32)]} main.top.y_1[31:0]
@22
+{main.top.y_2$D_IN [Int#(32)]} main.top.y_2$D_IN[31:0]
@22
+{main.top.y_2$EN [Bool]} main.top.y_2$EN
@22
+{main.top.y_2 [Int#(32)]} main.top.y_2[31:0]
@22
+{main.top.y_3$D_IN [Int#(32)]} main.top.y_3$D_IN[31:0]
@22
+{main.top.y_3$EN [Bool]} main.top.y_3$EN
@22
+{main.top.y_3 [Int#(32)]} main.top.y_3[31:0]
@22
+{main.top.zw_0$D_IN [Int#(32)]} main.top.zw_0$D_IN[31:0]
@22
+{main.top.zw_0$EN [Bool]} main.top.zw_0$EN
@22
+{main.top.zw_0 [Int#(32)]} main.top.zw_0[31:0]
@22
+{main.top.zw_1$D_IN [Int#(32)]} main.top.zw_1$D_IN[31:0]
@22
+{main.top.zw_1$EN [Bool]} main.top.zw_1$EN
@22
+{main.top.zw_1 [Int#(32)]} main.top.zw_1[31:0]
@22
+{main.top.zw_2$D_IN [Int#(32)]} main.top.zw_2$D_IN[31:0]
@22
+{main.top.zw_2$EN [Bool]} main.top.zw_2$EN
@22
+{main.top.zw_2 [Int#(32)]} main.top.zw_2[31:0]
@22
+{main.top.zw_3$D_IN [Int#(32)]} main.top.zw_3$D_IN[31:0]
@22
+{main.top.zw_3$EN [Bool]} main.top.zw_3$EN
@22
+{main.top.zw_3 [Int#(32)]} main.top.zw_3[31:0]
@22
+{main.top.zw_4$D_IN [Int#(32)]} main.top.zw_4$D_IN[31:0]
@22
+{main.top.zw_4$EN [Bool]} main.top.zw_4$EN
@22
+{main.top.zw_4 [Int#(32)]} main.top.zw_4[31:0]
@22
+{main.top.xx_0.V [Int#(32)]} main.top.xx_0.V[31:0]
@22
+{main.top.xx_0.I_IN [Inout]} main.top.xx_0.I_IN
@4022
^>1 enum Red Yellow Blue
+{main.top.xx_0.WVAL [Bar]} main.top.xx_0.WVAL[1:0]
@22
+{main.top.xx_0.WSET [Bool]} main.top.xx_0.WSET
@4022
^>1 enum Red Yellow Blue
+{main.top.xx_0.WGET [Bar]} main.top.xx_0.WGET[1:0]
@22
+{main.top.xx_0.WHAS [Bool]} main.top.xx_0.WHAS
@22
+{main.top.xx_0.I_OUT [Inout]} main.top.xx_0.I_OUT
@22
+{main.top.xx_1.V [Int#(32)]} main.top.xx_1.V[31:0]
@22
+{main.top.xx_1.I_IN [Inout]} main.top.xx_1.I_IN
@4022
^>1 enum Red Yellow Blue
+{main.top.xx_1.WVAL [Bar]} main.top.xx_1.WVAL[1:0]
@22
+{main.top.xx_1.WSET [Bool]} main.top.xx_1.WSET
@4022
^>1 enum Red Yellow Blue
+{main.top.xx_1.WGET [Bar]} main.top.xx_1.WGET[1:0]
@22
+{main.top.xx_1.WHAS [Bool]} main.top.xx_1.WHAS
@22
+{main.top.xx_1.I_OUT [Inout]} main.top.xx_1.I_OUT
@22
+{main.top.x_0$D_IN [Int#(32)]} main.top.x_0$D_IN[31:0]
@22
+{main.top.x_0$EN [Bool]} main.top.x_0$EN
@22
+{main.top.x_0 [Int#(32)]} main.top.x_0[31:0]
@22
+{main.top.x_1$D_IN [Int#(32)]} main.top.x_1$D_IN[31:0]
@22
+{main.top.x_1$EN [Bool]} main.top.x_1$EN
@22
+{main.top.x_1 [Int#(32)]} main.top.x_1[31:0]
@22
+{main.top.x_2$D_IN [Int#(32)]} main.top.x_2$D_IN[31:0]
@22
+{main.top.x_2$EN [Bool]} main.top.x_2$EN
@22
+{main.top.x_2 [Int#(32)]} main.top.x_2[31:0]
@22
+{main.top.x_3$D_IN [Int#(32)]} main.top.x_3$D_IN[31:0]
@22
+{main.top.x_3$EN [Bool]} main.top.x_3$EN
@22
+{main.top.x_3 [Int#(32)]} main.top.x_3[31:0]
@22
+{main.top.aa_0$D_IN [Int#(32)]} main.top.aa_0$D_IN[31:0]
@22
+{main.top.aa_0$EN [Bool]} main.top.aa_0$EN
@22
+{main.top.aa_0 [Int#(32)]} main.top.aa_0[31:0]
@22
+{main.top.bb_0$D_IN [Int#(32)]} main.top.bb_0$D_IN[31:0]
@22
+{main.top.bb_0$EN [Bool]} main.top.bb_0$EN
@22
+{main.top.bb_0 [Int#(32)]} main.top.bb_0[31:0]
@22
+{main.top.aa_1$D_IN [Int#(32)]} main.top.aa_1$D_IN[31:0]
@22
+{main.top.aa_1$EN [Bool]} main.top.aa_1$EN
@22
+{main.top.aa_1 [Int#(32)]} main.top.aa_1[31:0]
@22
+{main.top.bb_1$D_IN [Int#(32)]} main.top.bb_1$D_IN[31:0]
@22
+{main.top.bb_1$EN [Bool]} main.top.bb_1$EN
@22
+{main.top.bb_1 [Int#(32)]} main.top.bb_1[31:0]
@22
+{main.top.aa_2$D_IN [Int#(32)]} main.top.aa_2$D_IN[31:0]
@22
+{main.top.aa_2$EN [Bool]} main.top.aa_2$EN
@22
+{main.top.aa_2 [Int#(32)]} main.top.aa_2[31:0]
@22
+{main.top.bb_2$D_IN [Int#(32)]} main.top.bb_2$D_IN[31:0]
@22
+{main.top.bb_2$EN [Bool]} main.top.bb_2$EN
@22
+{main.top.bb_2 [Int#(32)]} main.top.bb_2[31:0]
@22
+{main.top.aa_3$D_IN [Int#(32)]} main.top.aa_3$D_IN[31:0]
@22
+{main.top.aa_3$EN [Bool]} main.top.aa_3$EN
@22
+{main.top.aa_3 [Int#(32)]} main.top.aa_3[31:0]
@22
+{main.top.bb_3$D_IN [Int#(32)]} main.top.bb_3$D_IN[31:0]
@22
+{main.top.bb_3$EN [Bool]} main.top.bb_3$EN
@22
+{main.top.bb_3 [Int#(32)]} main.top.bb_3[31:0]
@22
+{main.top.subis_0.ax [Bit#(3)]} main.top.subis_0.ax[2:0]
@22
+{main.top.subis_0.foo_x [Int#(32)]} main.top.subis_0.foo_x[31:0]
@22
+{main.top.subis_0.EN_foo [Bool]} main.top.subis_0.EN_foo
@22
+{main.top.subis_0.bar [Int#(32)]} main.top.subis_0.bar[31:0]
@22
+{main.top.subis_0.RadyOnTheReadMethod [Bool]} main.top.subis_0.RadyOnTheReadMethod
@22
+{main.top.subis_0.foo2$D_IN [Int#(32)]} main.top.subis_0.foo2$D_IN[31:0]
@22
+{main.top.subis_0.foo2$EN [Bool]} main.top.subis_0.foo2$EN
@22
+{main.top.subis_0.foo2 [Int#(32)]} main.top.subis_0.foo2[31:0]
@22
+{main.top.subis_0.barx$D_IN [Bit#(3)]} main.top.subis_0.barx$D_IN[2:0]
@22
+{main.top.subis_0.barx$EN [Bool]} main.top.subis_0.barx$EN
@22
+{main.top.subis_0.barx [Bit#(3)]} main.top.subis_0.barx[2:0]
@22
+{main.top.subis_1.ax [Bit#(3)]} main.top.subis_1.ax[2:0]
@22
+{main.top.subis_1.foo_x [Int#(32)]} main.top.subis_1.foo_x[31:0]
@22
+{main.top.subis_1.EN_foo [Bool]} main.top.subis_1.EN_foo
@22
+{main.top.subis_1.bar [Int#(32)]} main.top.subis_1.bar[31:0]
@22
+{main.top.subis_1.RadyOnTheReadMethod [Bool]} main.top.subis_1.RadyOnTheReadMethod
@22
+{main.top.subis_1.foo2$D_IN [Int#(32)]} main.top.subis_1.foo2$D_IN[31:0]
@22
+{main.top.subis_1.foo2$EN [Bool]} main.top.subis_1.foo2$EN
@22
+{main.top.subis_1.foo2 [Int#(32)]} main.top.subis_1.foo2[31:0]
@22
+{main.top.subis_1.barx$D_IN [Bit#(3)]} main.top.subis_1.barx$D_IN[2:0]
@22
+{main.top.subis_1.barx$EN [Bool]} main.top.subis_1.barx$EN
@22
+{main.top.subis_1.barx [Bit#(3)]} main.top.subis_1.barx[2:0]
