COMP_BDIR = .
COMP_BSC_OPTIONS = -keep-fires
COMP_BSC_TYPE = bluesim
COMP_INFO_DIR = .
COMP_SIMDIR = .
COMP_TYPE = bsc
COPY_FLAGS = 0
COMP_VDIR = .
DIR = .
EDITOR_NAME = emacs
INCLUDED_FILES = *.bsv
LINK_BSC_OPTIONS = -keep-fires
LINK_OUTDIR = .
LINK_OUTNAME = out
LINK_TYPE = bsc
MAIN_PLACEMENT = 700x350+0+0
MAKE_CLEAN = clean
MAKE_FILE = Makefile
MAKE_FULLCLEAN = clean
MODULE_PLACEMENT = 550x350+50+500
NAME = new_project
PATHS = .
PATHS = Libraries
PACKAGE_PLACEMENT = 770x420+475+150
PROJECT_PLACEMENT = 250x460+0+385
SCHEDULE_PLACEMENT = 650x650+500+225
SIM_NAME = cvc
TYPE_PLACEMENT = 770x420+475+540
VIEWER_CLOSE = 0
WIZARD_PLACEMENT = 1024x700+50+50
EDITOR_GVIM = gvim
EDITOR_EMACS = emacs
EDITOR_OTHER = gedit +%n %f
COMP_BDIR = .
COMP_BSC_OPTIONS = -v
COMP_BSC_TYPE = bluesim
COMP_INFO_DIR = .
COMP_RTS_OPTIONS = fff
COMP_SIMDIR = .
COMP_TYPE = bsc
COPY_FLAGS = 0
COMP_VDIR = .
DIR = .
EDITOR_NAME = emacs
INCLUDED_FILES = *.bsv
LINK_BSC_OPTIONS = -v
LINK_OUTDIR = mult4
LINK_OUTNAME = sim_exe
LINK_TYPE = bsc
MAIN_PLACEMENT = 700x350+0+0
MAKE_CLEAN = clean
MAKE_FILE = Makefile
MAKE_FULLCLEAN = clean
MODULE_PLACEMENT = 550x350+50+500
NAME = new_project
PATHS = .
PATHS = Libraries
PATHS = mult4
PACKAGE_PLACEMENT = 770x420+475+150
PROJECT_PLACEMENT = 250x460+0+385
RUN_OPTIONS = -V
SCHEDULE_PLACEMENT = 650x650+500+225
SIM_NAME = cvc
TOP_FILE = mult4/Mult4Tb.bsv
TOP_MODULE = mkMult4Tb
TYPE_PLACEMENT = 770x420+475+540
VIEWER_CLOSE = 0
WIZARD_PLACEMENT = 1024x700+50+50
EDITOR_GVIM = gvim
EDITOR_EMACS = emacs
EDITOR_OTHER = gedit +%n %f
Current version does not support the simulator 'modelsim'
COMP_BDIR = .
COMP_BSC_OPTIONS = -v
COMP_BSC_TYPE = verilog
COMP_INFO_DIR = .
COMP_RTS_OPTIONS = fff
COMP_SIMDIR = .
COMP_TYPE = bsc
COPY_FLAGS = 0
COMP_VDIR = .
DIR = .
EDITOR_NAME = emacs
INCLUDED_FILES = *.bsv
LINK_BSC_OPTIONS = -v
LINK_OUTDIR = mult4
LINK_OUTNAME = sim_exe
LINK_TYPE = bsc
MAIN_PLACEMENT = 700x350+0+0
MAKE_CLEAN = clean
MAKE_FILE = Makefile
MAKE_FULLCLEAN = clean
MODULE_PLACEMENT = 550x350+50+500
NAME = new_project
PATHS = .
PATHS = Libraries
PATHS = mult4
PACKAGE_PLACEMENT = 770x420+475+150
PROJECT_PLACEMENT = 250x460+0+385
RUN_OPTIONS = -V
SCHEDULE_PLACEMENT = 650x650+500+225
SIM_NAME = cvc
TOP_FILE = mult4/Mult4Tb.bsv
TOP_MODULE = mkMult4Tb
TYPE_PLACEMENT = 770x420+475+540
VIEWER_CLOSE = 0
WIZARD_PLACEMENT = 1024x700+50+50
EDITOR_GVIM = gvim
EDITOR_EMACS = emacs
EDITOR_OTHER = gedit +%n %f
COMP_BSC_OPTIONS = -keep-fires
COMP_BSC_TYPE = bluesim
COMP_INFO_DIR = .
COMP_TYPE = bsc
COPY_FLAGS = 0
EDITOR_NAME = emacs
INCLUDED_FILES = *.bsv
LINK_BSC_OPTIONS = -keep-fires
LINK_TYPE = bsc
MAIN_PLACEMENT = 700x350+0+0
MODULE_PLACEMENT = 550x350+50+500
PACKAGE_PLACEMENT = 770x420+475+150
PROJECT_PLACEMENT = 250x460+0+385
SCHEDULE_PLACEMENT = 650x650+500+225
SIM_NAME = cvc
STATUS = saved
TYPE_PLACEMENT = 770x420+475+540
VIEWER_CLOSE = close
WIZARD_PLACEMENT = 1024x700+50+50
EDITOR_GVIM = gvim
EDITOR_EMACS = emacs
EDITOR_OTHER = gedit +%n %f
