Test Vector Array List PreludeBSV Prelude


{1 {Sz (alias)} {}}
{2 {9 (numeric type)} {}}



{1 {Sz (alias)} {}} {2 {Bar (enum) (2)} {}} {3 {TopIFC#(ty) (interface)} {}}
{4 {9 (numeric type)} {}}




