Welcome to Blueshell
Version: 2008.01; Date: 2008-01-31; Revision 12993
-verilog
mkM mkT

