-verilog
----------
mkS
{wset {}} {wget {}} {RL_c1 {}} {RL_c2 RL_c1}
wset wget RL_c1 RL_c2
{wset {{wset C} {wget <R}}} {wget {{wset >R} {wget CF}}}
{{wset_datain EN_wset} wget}
{{Test.bsv 113 8} G0010 {Warning: "Test.bsv", line 113, column 8: (G0010)
  Rule "c1" was treated as more urgent than "c2". Conflicts:
    "c1" cannot fire before "c2": calls to rg1.write vs. rg1.read
    "c2" cannot fire before "c1": calls to rg1.write vs. rg1.read
}} {{Test.bsv 123 9} G0021 {Warning: "Test.bsv", line 123, column 9: (G0021)
  According to the generated schedule, rule `c2' can never fire.
}}
----------
mkM
{_write {}} {_read {}} {RL_rHello {}} {RL_rWorld {}}
_read RL_rHello _write RL_rWorld
{_write {{_write <R} {_read >}}} {_read {{_write <} {_read CF}}}


