There is no open project.
The type is not specified
Tin
The type is not specified
Type
The type is not specified
There is no type in the Type Browser window.
